// Jest Snapshot v1, https://goo.gl/fbAQLP

exports[`SearchBox sanpshot Comprobar UI componente SearchBox 1`] = `
<div
  className="searchBox col-9 col-md-10"
>
  <form
    onSubmit={[Function]}
  >
    <input
      className="searchBox__input"
      name="query"
      onChange={[Function]}
      placeholder="Nunca dejes de buscar"
      type="text"
    />
    <button
      className="searchBox__button"
      type="submit"
    >
      <img
        alt="Search"
        src="ic_Search.png"
      />
    </button>
  </form>
</div>
`;
